core_cm3.h:930:22:NVIC_EnableIRQ	16	static
core_cm3.h:1014:22:NVIC_SetPriority	16	static
core_cm3.h:1139:26:SysTick_Config	16	static
peripheral.c:14:6:SysTick_Handler	4	static
peripheral.c:18:6:delay	16	static
peripheral.c:23:13:TL_init	4	static
peripheral.c:43:6:TL_Start	4	static
peripheral.c:48:13:TriggerIT_init	8	static
peripheral.c:64:6:EXTI9_5_IRQ_IRQHandler	4	static
peripheral.c:72:13:ADC_init	4	static
peripheral.c:85:6:ADC1_2_IRQHandler	8	static
peripheral.c:90:6:ADC_Start	16	static
peripheral.c:104:6:ADC_Stop	16	static
peripheral.c:114:6:Transmit_Single_ADC_Value	16	static
peripheral.c:123:13:DMA_init	8	static
peripheral.c:134:6:DMA1_Channel4_IRQHandler	4	static
peripheral.c:142:13:UART_init	8	static
peripheral.c:158:6:print_debug	72	static
peripheral.c:172:6:CRC_init	4	static
peripheral.c:178:6:init_peripherals	8	static
